nohup: ignoring input
INFO         | Android emulator version 37.2.12.0 (build_id 16428233) (CL:N/A)
INFO         | Graphics backend: gfxstream
INFO         | Found systemPath /workspace/tools/android-sdk/system-images/android-34/aosp_atd/x86_64/
INFO         | Saving last run QEMU version for the AVD to 2
INFO         | Increasing RAM size to 2560MB
INFO         | Guest GLES Driver: Auto (ext controls)
INFO         | emuglConfig_init: vulkan_mode_selected:swiftshader gles_mode_selected:swiftshader
INFO         | Checking system compatibility:
INFO         |   Checking: hasSufficientDiskSpace
INFO         |      Ok: Disk space requirements to run avd: `hhtest` are met
INFO         |   Checking: hasSufficientHwGpu
INFO         |      Ok: Hardware GPU compatibility checks are not required
INFO         |   Checking: hasSufficientSystem
INFO         |      Ok: System requirements to run avd: `hhtest` are met
WARNING      | File System is not ext4, disable QuickbootFileBacked feature
WARNING      | x86_64 emulation may not work without hardware acceleration!
ERROR        | Unable to connect to adb daemon on port: 5037
INFO         | Storing crashdata in: /tmp/android-unknown/emu-crash-37.2.12.db, detection is enabled for process: 1843
INFO         | Initializing gfxstream backend
INFO         | startOpenglesRendererImpl: gpu info
INFO         | 
INFO         | initIcdPaths: ICD set to 'swiftshader', using Swiftshader ICD
INFO         | Setting ICD filenames for the loader = /workspace/tools/android-sdk/emulator/lib64/vulkan/vk_swiftshader_icd.json
INFO         | SharedLibrary::open for [/workspace/tools/android-sdk/emulator/qemu/linux-x86_64/lib64/vulkan/libvulkan.so]
INFO         | SharedLibrary::open for [/workspace/tools/android-sdk/emulator/qemu/linux-x86_64/lib64/vulkan/libvulkan.so.1]
INFO         | SharedLibrary::open for [/workspace/tools/android-sdk/emulator/lib64/vulkan/libvulkan.so]
INFO         | Added library: /workspace/tools/android-sdk/emulator/lib64/vulkan/libvulkan.so
INFO         | Selecting Vulkan device: SwiftShader Device (Subzero), Version: 1.3.0
INFO         | Using Vulkan externalMemoryMode: OpaqueFd for VkEmulation
INFO         | Format VK_FORMAT_G10X6_B10X6R10X6_2PLANE_422_UNORM_3PACK16 does not support YCbCr sampler conversion
INFO         | SharedLibrary::open for [libX11]
WARNING      | Could not open libX11.so, try libX11.so.6
INFO         | SharedLibrary::open for [libX11.so.6]
INFO         | SharedLibrary::open for [libX11-xcb]
WARNING      | Could not open libX11-xcb.so, try libX11-xcb.so.1
INFO         | SharedLibrary::open for [libX11-xcb.so.1]
INFO         | Initializing VkEmulation features:
INFO         |     glInteropSupported: false
INFO         |     useDeferredCommands: true
INFO         |     createResourceWithRequirements: true
INFO         |     useVulkanComposition: false
INFO         |     useVulkanNativeSwapchain: false
INFO         |     enable guestRenderDoc: false
INFO         |     ASTC LDR emulation mode: Gpu
INFO         |     enable ETC2 emulation: true
INFO         |     enable Ycbcr emulation: false
INFO         |     guestVulkanOnly: false
INFO         |     useDedicatedAllocations: false
INFO         |     guestVulkanMaxApiVersion: 1.3.0
INFO         |     enableProtectedMemoryEmulation: false
INFO         | Graphics Adapter Vendor Google (Google Inc.)
INFO         | Graphics Adapter Android Emulator OpenGL ES Translator (Google SwiftShader)
INFO         | Graphics API Version OpenGL ES 3.0 (OpenGL ES 3.0 SwiftShader 4.0.0.1)
INFO         | Graphics API Extensions GL_OES_EGL_sync GL_OES_EGL_image GL_OES_EGL_image_external GL_OES_depth24 GL_OES_depth32 GL_OES_element_index_uint GL_OES_texture_float GL_OES_texture_float_linear GL_OES_compressed_paletted_texture GL_OES_compressed_ETC1_RGB8_texture GL_OES_depth_texture GL_OES_texture_half_float GL_OES_texture_half_float_linear GL_OES_packed_depth_stencil GL_OES_vertex_half_float GL_OES_standard_derivatives GL_OES_texture_npot GL_OES_rgb8_rgba8 GL_EXT_color_buffer_float GL_EXT_color_buffer_half_float GL_EXT_texture_format_BGRA8888 GL_APPLE_texture_format_BGRA8888 
INFO         | Graphics Device Extensions N/A
INFO         | Disabling sparse binding feature support
INFO         | Sending adb public key [QAAAAB+v8cMh86IdyATmhh+gNqdVZdOLsZtBTDhmz5CGRj/TD+asjGqvcRoCCzTyBU2bR88RqmkmZy2E+hslY1FByjY8UcpR5W5+52hfc/Jeok0prBqXPtnYXNd1/TvNkNztDHf5U8KXTW0XsglbI5RYz4HwX7aMHbgZew9DvEYL6DfVwB02a1Ll5vHr1MtJfwGqcGwerAskfFcQ5/gYxzNb0BGfFbN0u9SYGMt72dRCwYIrIHXAc+Uzzwq0n+5JT95U2Fn5WJ41YjqFh+zMyWyOMskuA3UjLlzZ2cLvCuJWie2qfLsWqPdAAWAO4ts3QC28pGuLuQPNIcwglg32ncbPCO8cBu3mDnKlURQt0t5SY3A6v/Up7tzKH4CKlie2tpyK3wH9pnvvgCUV2SImP5F5f5amCTHhgq3W6qvSal6m4lq73mI9yT5xVgWNps1yoARepRNExIjqlRFQO+g9zs0rPtKnjgiqzV0UYIxB7ExMG5fmqSWZMMOMxN1ku4BgBleGfYv/1IzoGHncLtu0f0DWzX9LjgZOZKwxroA7y7AUZeiR8nRvp24oL2gcOuNS9EaYE+lN+d2V/SFS27TPGu7UR0jlxFmDQ5w5sXxlB07bgwyLSw8i7/NdpXC53bSY5DG9DH8RG+NXrCVWkvvAOFF08FOyLx0H5DsmmOBgkT88MYYFOWkakAEAAQA= @unknown]
INFO         | Userspace boot properties:
INFO         |   androidboot.boot_devices=pci0000:00/0000:00:03.0 pci0000:00/0000:00:06.0
INFO         |   androidboot.dalvik.vm.heapsize=576m
INFO         |   androidboot.debug.hwui.renderer=skiagl
INFO         |   androidboot.debug.sf.nobootanimation=1
INFO         |   androidboot.hardware=ranchu
INFO         |   androidboot.hardware.gltransport=pipe
INFO         |   androidboot.hardware.vulkan=ranchu
INFO         |   androidboot.logcat=*:V
INFO         |   androidboot.opengles.version=196608
INFO         |   androidboot.qemu=1
INFO         |   androidboot.qemu.adb.pubkey=QAAAAB+v8cMh86IdyATmhh+gNqdVZdOLsZtBTDhmz5CGRj/TD+asjGqvcRoCCzTyBU2bR88RqmkmZy2E+hslY1FByjY8UcpR5W5+52hfc/Jeok0prBqXPtnYXNd1/TvNkNztDHf5U8KXTW0XsglbI5RYz4HwX7aMHbgZew9DvEYL6DfVwB02a1Ll5vHr1MtJfwGqcGwerAskfFcQ5/gYxzNb0BGfFbN0u9SYGMt72dRCwYIrIHXAc+Uzzwq0n+5JT95U2Fn5WJ41YjqFh+zMyWyOMskuA3UjLlzZ2cLvCuJWie2qfLsWqPdAAWAO4ts3QC28pGuLuQPNIcwglg32ncbPCO8cBu3mDnKlURQt0t5SY3A6v/Up7tzKH4CKlie2tpyK3wH9pnvvgCUV2SImP5F5f5amCTHhgq3W6qvSal6m4lq73mI9yT5xVgWNps1yoARepRNExIjqlRFQO+g9zs0rPtKnjgiqzV0UYIxB7ExMG5fmqSWZMMOMxN1ku4BgBleGfYv/1IzoGHncLtu0f0DWzX9LjgZOZKwxroA7y7AUZeiR8nRvp24oL2gcOuNS9EaYE+lN+d2V/SFS27TPGu7UR0jlxFmDQ5w5sXxlB07bgwyLSw8i7/NdpXC53bSY5DG9DH8RG+NXrCVWkvvAOFF08FOyLx0H5DsmmOBgkT88MYYFOWkakAEAAQA= @unknown
INFO         |   androidboot.qemu.avd_name=hhtest
INFO         |   androidboot.qemu.camera_hq_edge_processing=0
INFO         |   androidboot.qemu.camera_protocol_ver=1
INFO         |   androidboot.qemu.cpuvulkan.version=4206592
INFO         |   androidboot.qemu.gltransport.drawFlushInterval=800
INFO         |   androidboot.qemu.gltransport.name=pipe
INFO         |   androidboot.qemu.hwcodec.avcdec=2
INFO         |   androidboot.qemu.hwcodec.hevcdec=2
INFO         |   androidboot.qemu.hwcodec.vpxdec=2
INFO         |   androidboot.qemu.settings.system.screen_off_timeout=2147483647
INFO         |   androidboot.qemu.skin=320x640
INFO         |   androidboot.qemu.virtiowifi=1
INFO         |   androidboot.qemu.vsync=60
INFO         |   androidboot.serialno=EMULATOR37X2X12X0
INFO         |   androidboot.vbmeta.digest=de2e3763053c074eec1bb4238806b9c27684a362b2c40956fdaf5f6baf549ea3
INFO         |   androidboot.vbmeta.hash_alg=sha256
INFO         |   androidboot.vbmeta.size=6720
INFO         |   androidboot.veritymode=enforcing
TCG doesn't support requested feature: CPUID.01H:ECX.avx [bit 28]
TCG doesn't support requested feature: CPUID.01H:ECX.f16c [bit 29]
TCG doesn't support requested feature: CPUID.01H:ECX.avx [bit 28]
TCG doesn't support requested feature: CPUID.01H:ECX.f16c [bit 29]
WARNING: cannnot unmap ptr 0x76b97b201000 as it is in the protected range from 0x76b8db200000 to 0x76b97b400000
INFO         | Monitoring duration of emulator setup.
WARNING      | Using fallback path for the emulator registration directory.
WARNING      | The emulator now requires a signed jwt token for gRPC access! Use the -grpc flag if you really want an open unprotected grpc port
INFO         | Using security allow list from: /workspace/tools/android-sdk/emulator/lib/emulator_access.json
INFO         | The active JSON Web Key Sets can be found here: /home/openhands/.android/avd/running/1843/jwks/ad651277-17c2-4265-adb4-b170fa17beae/active.jwk
INFO         | Scanning /home/openhands/.android/avd/running/1843/jwks/ad651277-17c2-4265-adb4-b170fa17beae for jwk keys.
INFO         | Started GRPC server at 127.0.0.1:8554, security: Local, auth: +token
WARNING      | Using fallback path for the emulator registration directory.
INFO         | Advertising in: /home/openhands/.android/avd/running/pid_1843.ini
INFO         | Successfully initialized netsim WiFi
INFO         | Activated packet streamer for bluetooth emulation
INFO         | Setting display: 0 configuration to: 320x640, dpi: 160x160 
INFO         | setDisplayActiveConfig: id:0, 320x640
INFO         | emulatorSetupEnvironment: Environment scene is not required
USER_INFO    | Emulator is performing a full startup. This may take upto two minutes, or more.
WARNING      | Failed to process .ini file /home/openhands/.android/emu-update-last-check.ini for reading.
WARNING      | Failed to process .ini file /home/openhands/.android/emu-update-last-check.ini for reading.
INFO         | Boot completed in 286843 ms
INFO         | Increasing screen off timeout, logcat buffer size to 2M.
INFO         | Wait for emulator (pid 1843) 20 seconds to shutdown gracefully before kill;you can set environment variable ANDROID_EMULATOR_WAIT_TIME_BEFORE_KILL(in seconds) to change the default value (20 seconds)

USER_INFO    | Snapshots have been disabled by the user, save request is ignored.
INFO         | Saving snapshot 'default_boot' took 3 ms
WARNING      | Netsim Wifi ipv4:127.0.0.1:40935 is gone due to Stream removed (Socket closed)
ERROR        | stop: Not implemented
INFO         | removeAll
